There once was a chef named Joe, and he loved eating Joe's Schmoes. He went to Kentucky.