There once was a bloke named Joe, who hated Joe's Schmoes. He didn't go to Kentucky.

Joe drove to the store to get some Joe's Schmoes.