General Super Layout

Open

There once was a chef named Joe, and he loved eating Joe's Schmoes. He went to Kentucky.

Joe went to china to eat some crickets.

Close