There once was a chef named Gordon Ramsay, and he loved eating carrots. He went to Virginia.

Gordon Ramsay drove to the store to get some carrots.