General Super Layout

Open

There once was a chef named Gordon Ramsay, and he loved eating carrots. He went to Virginia.

Gordon Ramsay went to china to eat some crickets.

Close