General Super Layout

Open

Sublayout

Mark Zuckerberg drove to the department store.

End of Sublayout

Close