There once was a bloke named Richard Hammond, who hated beets. He didn't go to Virginia.

Richard Hammond drove to the store to get some beets.